// Jest Snapshot v1, https://goo.gl/fbAQLP

exports[`BorderBox Component should be rendered properly 1`] = `ShallowWrapper {}`;
