// Jest Snapshot v1, https://goo.gl/fbAQLP

exports[`App Component should be rendered properly 1`] = `ShallowWrapper {}`;
